// Vitest Snapshot v1

exports[`test purchase view > test snapshot 1`] = `
VueWrapper {
  "__app": {
    "_component": {
      "name": "VTU_ROOT",
      "render": [Function],
    },
    "_container": <div
      data-v-app=""
    >
      <main
        class="flex flex-col flex-1"
      >
        <h1
          class="self-center font-bold md:text-3xl text-cyan-800"
        >
           Delivery Form 
        </h1>
        <form
          action="#"
          class="flex flex-col w-44 h-56 md:w-56 md:h-80 self-center border text-violet-800 bg-purple-300 font-bold italic font-serif"
          method="get"
        >
          <label
            class="self-center"
            for="customerName"
          >
            Name
          </label>
          <input
            class="flex-1 self-center"
            id="customerName"
            placeholder="Riki Trump"
            type="text"
          />
          <label
            class="self-center"
            for="deliveryTime"
          >
            Select time for delivery
          </label>
          <input
            class="flex-1 self-center"
            id="deliveryTime"
            max="18:00"
            min="09:00"
            type="time"
          />
          <label
            class="self-center"
            for="location"
          >
            Are you an MKU student?
          </label>
          <div
            class="self-center flex-1 flex flex-row"
            id="location"
          >
            <label
              class="self-center"
              for="student"
            >
              yes
            </label>
            <input
              class="flex-1 self-center mx-2"
              id="student"
              name="mku"
              type="radio"
              value="yes"
            />
            <label
              class="self-center"
              for="notStudent"
            >
              no
            </label>
            <input
              class="flex-1 self-center mx-2"
              id="notStudent"
              name="mku"
              type="radio"
              value="no"
            />
          </div>
          <label
            class="self-center"
            for="deliveryVenue"
          >
            Select delivery point
          </label>
          <select
            class="self-center"
            id="deliveryVenue"
            name="deliveryVenue"
          >
            <option
              value="AlumniPlaza"
            >
              Alumnini Plaza
            </option>
            <option
              value="Library"
            >
              Library
            </option>
            <option
              value="CTHall"
            >
              CTHall
            </option>
            <option
              value="StudentCenter"
            >
              Student Center
            </option>
          </select>
          <label
            for="submit"
          />
          <input
            class="flex-1 mb-4 md:mb-10 self-center"
            type="submit"
            value="SUBMIT"
          />
        </form>
      </main>
    </div>,
    "_context": {
      "app": [Circular],
      "components": {
        "transition": {
          "name": "transition",
        },
        "transition-group": {
          "name": "transition-group",
        },
      },
      "config": {
        "compilerOptions": {},
        "errorHandler": undefined,
        "globalProperties": {},
        "isNativeTag": [Function],
        "optionMergeStrategies": {},
        "performance": false,
        "warnHandler": undefined,
      },
      "directives": {},
      "emitsCache": WeakMap {},
      "mixins": [
        {
          "beforeCreate": [Function],
        },
      ],
      "optionsCache": WeakMap {},
      "propsCache": WeakMap {},
      "provides": {},
      "reload": [Function],
    },
    "_instance": {
      "a": null,
      "accessCache": {},
      "appContext": {
        "app": [Circular],
        "components": {
          "transition": {
            "name": "transition",
          },
          "transition-group": {
            "name": "transition-group",
          },
        },
        "config": {
          "compilerOptions": {},
          "errorHandler": undefined,
          "globalProperties": {},
          "isNativeTag": [Function],
          "optionMergeStrategies": {},
          "performance": false,
          "warnHandler": undefined,
        },
        "directives": {},
        "emitsCache": WeakMap {},
        "mixins": [
          {
            "beforeCreate": [Function],
          },
        ],
        "optionsCache": WeakMap {},
        "propsCache": WeakMap {},
        "provides": {},
        "reload": [Function],
      },
      "asyncDep": null,
      "asyncResolved": false,
      "attrs": {},
      "bc": null,
      "bm": null,
      "bu": null,
      "bum": null,
      "c": null,
      "components": null,
      "ctx": {},
      "da": null,
      "data": {},
      "directives": null,
      "ec": null,
      "effect": ReactiveEffect {
        "active": true,
        "allowRecurse": true,
        "deps": [
          Set {
            [Circular],
          },
          Set {
            [Circular],
          },
          Set {
            [Circular],
          },
        ],
        "fn": [Function],
        "onTrack": undefined,
        "onTrigger": undefined,
        "parent": undefined,
        "scheduler": [Function],
      },
      "emit": [Function],
      "emitsOptions": null,
      "emitted": null,
      "exposeProxy": null,
      "exposed": null,
      "inheritAttrs": undefined,
      "isDeactivated": false,
      "isMounted": true,
      "isUnmounted": false,
      "m": null,
      "next": null,
      "parent": null,
      "props": {},
      "propsDefaults": {},
      "propsOptions": [
        {},
        [],
      ],
      "provides": {},
      "proxy": {},
      "refs": {
        "VTU_COMPONENT": {
          "hasOwnProperty": [Function],
        },
      },
      "render": [Function],
      "renderCache": [],
      "root": [Circular],
      "rtc": null,
      "rtg": null,
      "scope": EffectScope {
        "active": true,
        "cleanups": [],
        "effects": [
          ReactiveEffect {
            "active": true,
            "allowRecurse": true,
            "deps": [
              Set {
                [Circular],
              },
              Set {
                [Circular],
              },
              Set {
                [Circular],
              },
            ],
            "fn": [Function],
            "onTrack": undefined,
            "onTrigger": undefined,
            "parent": undefined,
            "scheduler": [Function],
          },
        ],
      },
      "setupContext": null,
      "setupState": {},
      "slots": {},
      "sp": null,
      "subTree": {
        "__v_isVNode": true,
        "__v_skip": true,
        "anchor": null,
        "appContext": null,
        "children": null,
        "component": {
          "a": null,
          "accessCache": {
            "@@__IMMUTABLE_ITERABLE__@@": 0,
            "@@__IMMUTABLE_RECORD__@@": 0,
            "constructor": 0,
            "hasOwnProperty": 4,
            "toJSON": 0,
            Symbol(Symbol.toStringTag): 0,
          },
          "appContext": {
            "app": [Circular],
            "components": {
              "transition": {
                "name": "transition",
              },
              "transition-group": {
                "name": "transition-group",
              },
            },
            "config": {
              "compilerOptions": {},
              "errorHandler": undefined,
              "globalProperties": {},
              "isNativeTag": [Function],
              "optionMergeStrategies": {},
              "performance": false,
              "warnHandler": undefined,
            },
            "directives": {},
            "emitsCache": WeakMap {},
            "mixins": [
              {
                "beforeCreate": [Function],
              },
            ],
            "optionsCache": WeakMap {},
            "propsCache": WeakMap {},
            "provides": {},
            "reload": [Function],
          },
          "asyncDep": null,
          "asyncResolved": false,
          "attrs": {},
          "bc": null,
          "bm": null,
          "bu": null,
          "bum": null,
          "c": null,
          "components": {},
          "ctx": {
            "hasOwnProperty": [Function],
          },
          "da": null,
          "data": {},
          "directives": null,
          "ec": null,
          "effect": ReactiveEffect {
            "active": true,
            "allowRecurse": true,
            "deps": [],
            "fn": [Function],
            "onTrack": undefined,
            "onTrigger": undefined,
            "parent": undefined,
            "scheduler": [Function],
          },
          "emit": [Function],
          "emitsOptions": null,
          "emitted": null,
          "exposeProxy": null,
          "exposed": null,
          "inheritAttrs": undefined,
          "isDeactivated": false,
          "isMounted": true,
          "isUnmounted": false,
          "m": null,
          "next": null,
          "parent": [Circular],
          "props": {},
          "propsDefaults": {},
          "propsOptions": [
            {},
            [],
          ],
          "provides": {},
          "proxy": {
            "hasOwnProperty": [Function],
          },
          "refs": {},
          "render": [Function],
          "renderCache": [],
          "root": [Circular],
          "rtc": null,
          "rtg": null,
          "scope": EffectScope {
            "active": true,
            "cleanups": [],
            "effects": [
              ReactiveEffect {
                "active": true,
                "allowRecurse": true,
                "deps": [],
                "fn": [Function],
                "onTrack": undefined,
                "onTrigger": undefined,
                "parent": undefined,
                "scheduler": [Function],
              },
            ],
          },
          "setupContext": null,
          "setupState": {},
          "slots": {},
          "sp": null,
          "subTree": {
            "__v_isVNode": true,
            "__v_skip": true,
            "anchor": null,
            "appContext": null,
            "children": [
              {
                "__v_isVNode": true,
                "__v_skip": true,
                "anchor": null,
                "appContext": null,
                "children": " Delivery Form ",
                "component": null,
                "dirs": null,
                "dynamicChildren": null,
                "dynamicProps": null,
                "el": <h1
                  class="self-center font-bold md:text-3xl text-cyan-800"
                >
                   Delivery Form 
                </h1>,
                "key": null,
                "patchFlag": -1,
                "props": {
                  "class": "self-center font-bold md:text-3xl text-cyan-800",
                },
                "ref": null,
                "scopeId": null,
                "shapeFlag": 9,
                "slotScopeIds": null,
                "ssContent": null,
                "ssFallback": null,
                "staticCount": 0,
                "suspense": null,
                "target": null,
                "targetAnchor": null,
                "transition": null,
                "type": "h1",
              },
              {
                "__v_isVNode": true,
                "__v_skip": true,
                "anchor": null,
                "appContext": null,
                "children": [
                  {
                    "__v_isVNode": true,
                    "__v_skip": true,
                    "anchor": null,
                    "appContext": null,
                    "children": "Name",
                    "component": null,
                    "dirs": null,
                    "dynamicChildren": null,
                    "dynamicProps": null,
                    "el": <label
                      class="self-center"
                      for="customerName"
                    >
                      Name
                    </label>,
                    "key": null,
                    "patchFlag": 0,
                    "props": {
                      "class": "self-center",
                      "for": "customerName",
                    },
                    "ref": null,
                    "scopeId": null,
                    "shapeFlag": 9,
                    "slotScopeIds": null,
                    "ssContent": null,
                    "ssFallback": null,
                    "staticCount": 0,
                    "suspense": null,
                    "target": null,
                    "targetAnchor": null,
                    "transition": null,
                    "type": "label",
                  },
                  {
                    "__v_isVNode": true,
                    "__v_skip": true,
                    "anchor": null,
                    "appContext": null,
                    "children": null,
                    "component": null,
                    "dirs": null,
                    "dynamicChildren": null,
                    "dynamicProps": null,
                    "el": <input
                      class="flex-1 self-center"
                      id="customerName"
                      placeholder="Riki Trump"
                      type="text"
                    />,
                    "key": null,
                    "patchFlag": 0,
                    "props": {
                      "class": "flex-1 self-center",
                      "id": "customerName",
                      "placeholder": "Riki Trump",
                      "type": "text",
                    },
                    "ref": null,
                    "scopeId": null,
                    "shapeFlag": 1,
                    "slotScopeIds": null,
                    "ssContent": null,
                    "ssFallback": null,
                    "staticCount": 0,
                    "suspense": null,
                    "target": null,
                    "targetAnchor": null,
                    "transition": null,
                    "type": "input",
                  },
                  {
                    "__v_isVNode": true,
                    "__v_skip": true,
                    "anchor": null,
                    "appContext": null,
                    "children": "Select time for delivery",
                    "component": null,
                    "dirs": null,
                    "dynamicChildren": null,
                    "dynamicProps": null,
                    "el": <label
                      class="self-center"
                      for="deliveryTime"
                    >
                      Select time for delivery
                    </label>,
                    "key": null,
                    "patchFlag": 0,
                    "props": {
                      "class": "self-center",
                      "for": "deliveryTime",
                    },
                    "ref": null,
                    "scopeId": null,
                    "shapeFlag": 9,
                    "slotScopeIds": null,
                    "ssContent": null,
                    "ssFallback": null,
                    "staticCount": 0,
                    "suspense": null,
                    "target": null,
                    "targetAnchor": null,
                    "transition": null,
                    "type": "label",
                  },
                  {
                    "__v_isVNode": true,
                    "__v_skip": true,
                    "anchor": null,
                    "appContext": null,
                    "children": null,
                    "component": null,
                    "dirs": null,
                    "dynamicChildren": null,
                    "dynamicProps": null,
                    "el": <input
                      class="flex-1 self-center"
                      id="deliveryTime"
                      max="18:00"
                      min="09:00"
                      type="time"
                    />,
                    "key": null,
                    "patchFlag": 0,
                    "props": {
                      "class": "flex-1 self-center",
                      "id": "deliveryTime",
                      "max": "18:00",
                      "min": "09:00",
                      "type": "time",
                      "value": "10:00",
                    },
                    "ref": null,
                    "scopeId": null,
                    "shapeFlag": 1,
                    "slotScopeIds": null,
                    "ssContent": null,
                    "ssFallback": null,
                    "staticCount": 0,
                    "suspense": null,
                    "target": null,
                    "targetAnchor": null,
                    "transition": null,
                    "type": "input",
                  },
                  {
                    "__v_isVNode": true,
                    "__v_skip": true,
                    "anchor": null,
                    "appContext": null,
                    "children": "Are you an MKU student?",
                    "component": null,
                    "dirs": null,
                    "dynamicChildren": null,
                    "dynamicProps": null,
                    "el": <label
                      class="self-center"
                      for="location"
                    >
                      Are you an MKU student?
                    </label>,
                    "key": null,
                    "patchFlag": 0,
                    "props": {
                      "class": "self-center",
                      "for": "location",
                    },
                    "ref": null,
                    "scopeId": null,
                    "shapeFlag": 9,
                    "slotScopeIds": null,
                    "ssContent": null,
                    "ssFallback": null,
                    "staticCount": 0,
                    "suspense": null,
                    "target": null,
                    "targetAnchor": null,
                    "transition": null,
                    "type": "label",
                  },
                  {
                    "__v_isVNode": true,
                    "__v_skip": true,
                    "anchor": null,
                    "appContext": null,
                    "children": [
                      {
                        "__v_isVNode": true,
                        "__v_skip": true,
                        "anchor": null,
                        "appContext": null,
                        "children": "yes",
                        "component": null,
                        "dirs": null,
                        "dynamicChildren": null,
                        "dynamicProps": null,
                        "el": <label
                          class="self-center"
                          for="student"
                        >
                          yes
                        </label>,
                        "key": null,
                        "patchFlag": 0,
                        "props": {
                          "class": "self-center",
                          "for": "student",
                        },
                        "ref": null,
                        "scopeId": null,
                        "shapeFlag": 9,
                        "slotScopeIds": null,
                        "ssContent": null,
                        "ssFallback": null,
                        "staticCount": 0,
                        "suspense": null,
                        "target": null,
                        "targetAnchor": null,
                        "transition": null,
                        "type": "label",
                      },
                      {
                        "__v_isVNode": true,
                        "__v_skip": true,
                        "anchor": null,
                        "appContext": null,
                        "children": null,
                        "component": null,
                        "dirs": null,
                        "dynamicChildren": null,
                        "dynamicProps": null,
                        "el": <input
                          class="flex-1 self-center mx-2"
                          id="student"
                          name="mku"
                          type="radio"
                          value="yes"
                        />,
                        "key": null,
                        "patchFlag": 0,
                        "props": {
                          "class": "flex-1 self-center mx-2",
                          "id": "student",
                          "name": "mku",
                          "type": "radio",
                          "value": "yes",
                        },
                        "ref": null,
                        "scopeId": null,
                        "shapeFlag": 1,
                        "slotScopeIds": null,
                        "ssContent": null,
                        "ssFallback": null,
                        "staticCount": 0,
                        "suspense": null,
                        "target": null,
                        "targetAnchor": null,
                        "transition": null,
                        "type": "input",
                      },
                      {
                        "__v_isVNode": true,
                        "__v_skip": true,
                        "anchor": null,
                        "appContext": null,
                        "children": "no",
                        "component": null,
                        "dirs": null,
                        "dynamicChildren": null,
                        "dynamicProps": null,
                        "el": <label
                          class="self-center"
                          for="notStudent"
                        >
                          no
                        </label>,
                        "key": null,
                        "patchFlag": 0,
                        "props": {
                          "class": "self-center",
                          "for": "notStudent",
                        },
                        "ref": null,
                        "scopeId": null,
                        "shapeFlag": 9,
                        "slotScopeIds": null,
                        "ssContent": null,
                        "ssFallback": null,
                        "staticCount": 0,
                        "suspense": null,
                        "target": null,
                        "targetAnchor": null,
                        "transition": null,
                        "type": "label",
                      },
                      {
                        "__v_isVNode": true,
                        "__v_skip": true,
                        "anchor": null,
                        "appContext": null,
                        "children": null,
                        "component": null,
                        "dirs": null,
                        "dynamicChildren": null,
                        "dynamicProps": null,
                        "el": <input
                          class="flex-1 self-center mx-2"
                          id="notStudent"
                          name="mku"
                          type="radio"
                          value="no"
                        />,
                        "key": null,
                        "patchFlag": 0,
                        "props": {
                          "class": "flex-1 self-center mx-2",
                          "id": "notStudent",
                          "name": "mku",
                          "type": "radio",
                          "value": "no",
                        },
                        "ref": null,
                        "scopeId": null,
                        "shapeFlag": 1,
                        "slotScopeIds": null,
                        "ssContent": null,
                        "ssFallback": null,
                        "staticCount": 0,
                        "suspense": null,
                        "target": null,
                        "targetAnchor": null,
                        "transition": null,
                        "type": "input",
                      },
                    ],
                    "component": null,
                    "dirs": null,
                    "dynamicChildren": null,
                    "dynamicProps": null,
                    "el": <div
                      class="self-center flex-1 flex flex-row"
                      id="location"
                    >
                      <label
                        class="self-center"
                        for="student"
                      >
                        yes
                      </label>
                      <input
                        class="flex-1 self-center mx-2"
                        id="student"
                        name="mku"
                        type="radio"
                        value="yes"
                      />
                      <label
                        class="self-center"
                        for="notStudent"
                      >
                        no
                      </label>
                      <input
                        class="flex-1 self-center mx-2"
                        id="notStudent"
                        name="mku"
                        type="radio"
                        value="no"
                      />
                    </div>,
                    "key": null,
                    "patchFlag": 0,
                    "props": {
                      "class": "self-center flex-1 flex flex-row",
                      "id": "location",
                    },
                    "ref": null,
                    "scopeId": null,
                    "shapeFlag": 17,
                    "slotScopeIds": null,
                    "ssContent": null,
                    "ssFallback": null,
                    "staticCount": 0,
                    "suspense": null,
                    "target": null,
                    "targetAnchor": null,
                    "transition": null,
                    "type": "div",
                  },
                  {
                    "__v_isVNode": true,
                    "__v_skip": true,
                    "anchor": null,
                    "appContext": null,
                    "children": "Select delivery point",
                    "component": null,
                    "dirs": null,
                    "dynamicChildren": null,
                    "dynamicProps": null,
                    "el": <label
                      class="self-center"
                      for="deliveryVenue"
                    >
                      Select delivery point
                    </label>,
                    "key": null,
                    "patchFlag": 0,
                    "props": {
                      "class": "self-center",
                      "for": "deliveryVenue",
                    },
                    "ref": null,
                    "scopeId": null,
                    "shapeFlag": 9,
                    "slotScopeIds": null,
                    "ssContent": null,
                    "ssFallback": null,
                    "staticCount": 0,
                    "suspense": null,
                    "target": null,
                    "targetAnchor": null,
                    "transition": null,
                    "type": "label",
                  },
                  {
                    "__v_isVNode": true,
                    "__v_skip": true,
                    "anchor": null,
                    "appContext": null,
                    "children": [
                      {
                        "__v_isVNode": true,
                        "__v_skip": true,
                        "anchor": null,
                        "appContext": null,
                        "children": "Alumnini Plaza",
                        "component": null,
                        "dirs": null,
                        "dynamicChildren": null,
                        "dynamicProps": null,
                        "el": <option
                          value="AlumniPlaza"
                        >
                          Alumnini Plaza
                        </option>,
                        "key": null,
                        "patchFlag": 0,
                        "props": {
                          "value": "AlumniPlaza",
                        },
                        "ref": null,
                        "scopeId": null,
                        "shapeFlag": 9,
                        "slotScopeIds": null,
                        "ssContent": null,
                        "ssFallback": null,
                        "staticCount": 0,
                        "suspense": null,
                        "target": null,
                        "targetAnchor": null,
                        "transition": null,
                        "type": "option",
                      },
                      {
                        "__v_isVNode": true,
                        "__v_skip": true,
                        "anchor": null,
                        "appContext": null,
                        "children": "Library",
                        "component": null,
                        "dirs": null,
                        "dynamicChildren": null,
                        "dynamicProps": null,
                        "el": <option
                          value="Library"
                        >
                          Library
                        </option>,
                        "key": null,
                        "patchFlag": 0,
                        "props": {
                          "value": "Library",
                        },
                        "ref": null,
                        "scopeId": null,
                        "shapeFlag": 9,
                        "slotScopeIds": null,
                        "ssContent": null,
                        "ssFallback": null,
                        "staticCount": 0,
                        "suspense": null,
                        "target": null,
                        "targetAnchor": null,
                        "transition": null,
                        "type": "option",
                      },
                      {
                        "__v_isVNode": true,
                        "__v_skip": true,
                        "anchor": null,
                        "appContext": null,
                        "children": "CTHall",
                        "component": null,
                        "dirs": null,
                        "dynamicChildren": null,
                        "dynamicProps": null,
                        "el": <option
                          value="CTHall"
                        >
                          CTHall
                        </option>,
                        "key": null,
                        "patchFlag": 0,
                        "props": {
                          "value": "CTHall",
                        },
                        "ref": null,
                        "scopeId": null,
                        "shapeFlag": 9,
                        "slotScopeIds": null,
                        "ssContent": null,
                        "ssFallback": null,
                        "staticCount": 0,
                        "suspense": null,
                        "target": null,
                        "targetAnchor": null,
                        "transition": null,
                        "type": "option",
                      },
                      {
                        "__v_isVNode": true,
                        "__v_skip": true,
                        "anchor": null,
                        "appContext": null,
                        "children": "Student Center",
                        "component": null,
                        "dirs": null,
                        "dynamicChildren": null,
                        "dynamicProps": null,
                        "el": <option
                          value="StudentCenter"
                        >
                          Student Center
                        </option>,
                        "key": null,
                        "patchFlag": 0,
                        "props": {
                          "value": "StudentCenter",
                        },
                        "ref": null,
                        "scopeId": null,
                        "shapeFlag": 9,
                        "slotScopeIds": null,
                        "ssContent": null,
                        "ssFallback": null,
                        "staticCount": 0,
                        "suspense": null,
                        "target": null,
                        "targetAnchor": null,
                        "transition": null,
                        "type": "option",
                      },
                    ],
                    "component": null,
                    "dirs": null,
                    "dynamicChildren": null,
                    "dynamicProps": null,
                    "el": <select
                      class="self-center"
                      id="deliveryVenue"
                      name="deliveryVenue"
                    >
                      <option
                        value="AlumniPlaza"
                      >
                        Alumnini Plaza
                      </option>
                      <option
                        value="Library"
                      >
                        Library
                      </option>
                      <option
                        value="CTHall"
                      >
                        CTHall
                      </option>
                      <option
                        value="StudentCenter"
                      >
                        Student Center
                      </option>
                    </select>,
                    "key": null,
                    "patchFlag": 0,
                    "props": {
                      "class": "self-center",
                      "id": "deliveryVenue",
                      "name": "deliveryVenue",
                    },
                    "ref": null,
                    "scopeId": null,
                    "shapeFlag": 17,
                    "slotScopeIds": null,
                    "ssContent": null,
                    "ssFallback": null,
                    "staticCount": 0,
                    "suspense": null,
                    "target": null,
                    "targetAnchor": null,
                    "transition": null,
                    "type": "select",
                  },
                  {
                    "__v_isVNode": true,
                    "__v_skip": true,
                    "anchor": null,
                    "appContext": null,
                    "children": null,
                    "component": null,
                    "dirs": null,
                    "dynamicChildren": null,
                    "dynamicProps": null,
                    "el": <label
                      for="submit"
                    />,
                    "key": null,
                    "patchFlag": 0,
                    "props": {
                      "for": "submit",
                    },
                    "ref": null,
                    "scopeId": null,
                    "shapeFlag": 1,
                    "slotScopeIds": null,
                    "ssContent": null,
                    "ssFallback": null,
                    "staticCount": 0,
                    "suspense": null,
                    "target": null,
                    "targetAnchor": null,
                    "transition": null,
                    "type": "label",
                  },
                  {
                    "__v_isVNode": true,
                    "__v_skip": true,
                    "anchor": null,
                    "appContext": null,
                    "children": null,
                    "component": null,
                    "dirs": null,
                    "dynamicChildren": null,
                    "dynamicProps": null,
                    "el": <input
                      class="flex-1 mb-4 md:mb-10 self-center"
                      type="submit"
                      value="SUBMIT"
                    />,
                    "key": null,
                    "patchFlag": 0,
                    "props": {
                      "class": "flex-1 mb-4 md:mb-10 self-center",
                      "type": "submit",
                      "value": "SUBMIT",
                    },
                    "ref": null,
                    "scopeId": null,
                    "shapeFlag": 1,
                    "slotScopeIds": null,
                    "ssContent": null,
                    "ssFallback": null,
                    "staticCount": 0,
                    "suspense": null,
                    "target": null,
                    "targetAnchor": null,
                    "transition": null,
                    "type": "input",
                  },
                ],
                "component": null,
                "dirs": null,
                "dynamicChildren": null,
                "dynamicProps": null,
                "el": <form
                  action="#"
                  class="flex flex-col w-44 h-56 md:w-56 md:h-80 self-center border text-violet-800 bg-purple-300 font-bold italic font-serif"
                  method="get"
                >
                  <label
                    class="self-center"
                    for="customerName"
                  >
                    Name
                  </label>
                  <input
                    class="flex-1 self-center"
                    id="customerName"
                    placeholder="Riki Trump"
                    type="text"
                  />
                  <label
                    class="self-center"
                    for="deliveryTime"
                  >
                    Select time for delivery
                  </label>
                  <input
                    class="flex-1 self-center"
                    id="deliveryTime"
                    max="18:00"
                    min="09:00"
                    type="time"
                  />
                  <label
                    class="self-center"
                    for="location"
                  >
                    Are you an MKU student?
                  </label>
                  <div
                    class="self-center flex-1 flex flex-row"
                    id="location"
                  >
                    <label
                      class="self-center"
                      for="student"
                    >
                      yes
                    </label>
                    <input
                      class="flex-1 self-center mx-2"
                      id="student"
                      name="mku"
                      type="radio"
                      value="yes"
                    />
                    <label
                      class="self-center"
                      for="notStudent"
                    >
                      no
                    </label>
                    <input
                      class="flex-1 self-center mx-2"
                      id="notStudent"
                      name="mku"
                      type="radio"
                      value="no"
                    />
                  </div>
                  <label
                    class="self-center"
                    for="deliveryVenue"
                  >
                    Select delivery point
                  </label>
                  <select
                    class="self-center"
                    id="deliveryVenue"
                    name="deliveryVenue"
                  >
                    <option
                      value="AlumniPlaza"
                    >
                      Alumnini Plaza
                    </option>
                    <option
                      value="Library"
                    >
                      Library
                    </option>
                    <option
                      value="CTHall"
                    >
                      CTHall
                    </option>
                    <option
                      value="StudentCenter"
                    >
                      Student Center
                    </option>
                  </select>
                  <label
                    for="submit"
                  />
                  <input
                    class="flex-1 mb-4 md:mb-10 self-center"
                    type="submit"
                    value="SUBMIT"
                  />
                </form>,
                "key": null,
                "patchFlag": -1,
                "props": {
                  "action": "#",
                  "class": "flex flex-col w-44 h-56 md:w-56 md:h-80 self-center border text-violet-800 bg-purple-300 font-bold italic font-serif",
                  "method": "get",
                },
                "ref": null,
                "scopeId": null,
                "shapeFlag": 17,
                "slotScopeIds": null,
                "ssContent": null,
                "ssFallback": null,
                "staticCount": 0,
                "suspense": null,
                "target": null,
                "targetAnchor": null,
                "transition": null,
                "type": "form",
              },
            ],
            "component": null,
            "dirs": null,
            "dynamicChildren": [],
            "dynamicProps": null,
            "el": <main
              class="flex flex-col flex-1"
            >
              <h1
                class="self-center font-bold md:text-3xl text-cyan-800"
              >
                 Delivery Form 
              </h1>
              <form
                action="#"
                class="flex flex-col w-44 h-56 md:w-56 md:h-80 self-center border text-violet-800 bg-purple-300 font-bold italic font-serif"
                method="get"
              >
                <label
                  class="self-center"
                  for="customerName"
                >
                  Name
                </label>
                <input
                  class="flex-1 self-center"
                  id="customerName"
                  placeholder="Riki Trump"
                  type="text"
                />
                <label
                  class="self-center"
                  for="deliveryTime"
                >
                  Select time for delivery
                </label>
                <input
                  class="flex-1 self-center"
                  id="deliveryTime"
                  max="18:00"
                  min="09:00"
                  type="time"
                />
                <label
                  class="self-center"
                  for="location"
                >
                  Are you an MKU student?
                </label>
                <div
                  class="self-center flex-1 flex flex-row"
                  id="location"
                >
                  <label
                    class="self-center"
                    for="student"
                  >
                    yes
                  </label>
                  <input
                    class="flex-1 self-center mx-2"
                    id="student"
                    name="mku"
                    type="radio"
                    value="yes"
                  />
                  <label
                    class="self-center"
                    for="notStudent"
                  >
                    no
                  </label>
                  <input
                    class="flex-1 self-center mx-2"
                    id="notStudent"
                    name="mku"
                    type="radio"
                    value="no"
                  />
                </div>
                <label
                  class="self-center"
                  for="deliveryVenue"
                >
                  Select delivery point
                </label>
                <select
                  class="self-center"
                  id="deliveryVenue"
                  name="deliveryVenue"
                >
                  <option
                    value="AlumniPlaza"
                  >
                    Alumnini Plaza
                  </option>
                  <option
                    value="Library"
                  >
                    Library
                  </option>
                  <option
                    value="CTHall"
                  >
                    CTHall
                  </option>
                  <option
                    value="StudentCenter"
                  >
                    Student Center
                  </option>
                </select>
                <label
                  for="submit"
                />
                <input
                  class="flex-1 mb-4 md:mb-10 self-center"
                  type="submit"
                  value="SUBMIT"
                />
              </form>
            </main>,
            "key": null,
            "patchFlag": 0,
            "props": {
              "class": "flex flex-col flex-1",
            },
            "ref": null,
            "scopeId": null,
            "shapeFlag": 17,
            "slotScopeIds": null,
            "ssContent": null,
            "ssFallback": null,
            "staticCount": 0,
            "suspense": null,
            "target": null,
            "targetAnchor": null,
            "transition": null,
            "type": "main",
          },
          "suspense": null,
          "suspenseId": 0,
          "type": {
            "__file": "E:/github_projects/ngarisha_detergents_company/frontend/src/views/PurchaseView.vue",
            "components": {},
            "render": [Function],
          },
          "u": null,
          "uid": 1,
          "um": null,
          "update": [Function],
          "vnode": [Circular],
          "withProxy": null,
        },
        "dirs": null,
        "dynamicChildren": null,
        "dynamicProps": null,
        "el": <main
          class="flex flex-col flex-1"
        >
          <h1
            class="self-center font-bold md:text-3xl text-cyan-800"
          >
             Delivery Form 
          </h1>
          <form
            action="#"
            class="flex flex-col w-44 h-56 md:w-56 md:h-80 self-center border text-violet-800 bg-purple-300 font-bold italic font-serif"
            method="get"
          >
            <label
              class="self-center"
              for="customerName"
            >
              Name
            </label>
            <input
              class="flex-1 self-center"
              id="customerName"
              placeholder="Riki Trump"
              type="text"
            />
            <label
              class="self-center"
              for="deliveryTime"
            >
              Select time for delivery
            </label>
            <input
              class="flex-1 self-center"
              id="deliveryTime"
              max="18:00"
              min="09:00"
              type="time"
            />
            <label
              class="self-center"
              for="location"
            >
              Are you an MKU student?
            </label>
            <div
              class="self-center flex-1 flex flex-row"
              id="location"
            >
              <label
                class="self-center"
                for="student"
              >
                yes
              </label>
              <input
                class="flex-1 self-center mx-2"
                id="student"
                name="mku"
                type="radio"
                value="yes"
              />
              <label
                class="self-center"
                for="notStudent"
              >
                no
              </label>
              <input
                class="flex-1 self-center mx-2"
                id="notStudent"
                name="mku"
                type="radio"
                value="no"
              />
            </div>
            <label
              class="self-center"
              for="deliveryVenue"
            >
              Select delivery point
            </label>
            <select
              class="self-center"
              id="deliveryVenue"
              name="deliveryVenue"
            >
              <option
                value="AlumniPlaza"
              >
                Alumnini Plaza
              </option>
              <option
                value="Library"
              >
                Library
              </option>
              <option
                value="CTHall"
              >
                CTHall
              </option>
              <option
                value="StudentCenter"
              >
                Student Center
              </option>
            </select>
            <label
              for="submit"
            />
            <input
              class="flex-1 mb-4 md:mb-10 self-center"
              type="submit"
              value="SUBMIT"
            />
          </form>
        </main>,
        "key": null,
        "patchFlag": 0,
        "props": {
          "ref": "VTU_COMPONENT",
        },
        "ref": {
          "f": false,
          "i": [Circular],
          "k": undefined,
          "r": "VTU_COMPONENT",
        },
        "scopeId": null,
        "shapeFlag": 4,
        "slotScopeIds": null,
        "ssContent": null,
        "ssFallback": null,
        "staticCount": 0,
        "suspense": null,
        "target": null,
        "targetAnchor": null,
        "transition": null,
        "type": {
          "__file": "E:/github_projects/ngarisha_detergents_company/frontend/src/views/PurchaseView.vue",
          "components": {},
          "render": [Function],
        },
      },
      "suspense": null,
      "suspenseId": 0,
      "type": {
        "name": "VTU_ROOT",
        "render": [Function],
      },
      "u": null,
      "uid": 0,
      "um": null,
      "update": [Function],
      "vnode": {
        "__v_isVNode": true,
        "__v_skip": true,
        "anchor": null,
        "appContext": {
          "app": [Circular],
          "components": {
            "transition": {
              "name": "transition",
            },
            "transition-group": {
              "name": "transition-group",
            },
          },
          "config": {
            "compilerOptions": {},
            "errorHandler": undefined,
            "globalProperties": {},
            "isNativeTag": [Function],
            "optionMergeStrategies": {},
            "performance": false,
            "warnHandler": undefined,
          },
          "directives": {},
          "emitsCache": WeakMap {},
          "mixins": [
            {
              "beforeCreate": [Function],
            },
          ],
          "optionsCache": WeakMap {},
          "propsCache": WeakMap {},
          "provides": {},
          "reload": [Function],
        },
        "children": null,
        "component": [Circular],
        "dirs": null,
        "dynamicChildren": null,
        "dynamicProps": null,
        "el": <main
          class="flex flex-col flex-1"
        >
          <h1
            class="self-center font-bold md:text-3xl text-cyan-800"
          >
             Delivery Form 
          </h1>
          <form
            action="#"
            class="flex flex-col w-44 h-56 md:w-56 md:h-80 self-center border text-violet-800 bg-purple-300 font-bold italic font-serif"
            method="get"
          >
            <label
              class="self-center"
              for="customerName"
            >
              Name
            </label>
            <input
              class="flex-1 self-center"
              id="customerName"
              placeholder="Riki Trump"
              type="text"
            />
            <label
              class="self-center"
              for="deliveryTime"
            >
              Select time for delivery
            </label>
            <input
              class="flex-1 self-center"
              id="deliveryTime"
              max="18:00"
              min="09:00"
              type="time"
            />
            <label
              class="self-center"
              for="location"
            >
              Are you an MKU student?
            </label>
            <div
              class="self-center flex-1 flex flex-row"
              id="location"
            >
              <label
                class="self-center"
                for="student"
              >
                yes
              </label>
              <input
                class="flex-1 self-center mx-2"
                id="student"
                name="mku"
                type="radio"
                value="yes"
              />
              <label
                class="self-center"
                for="notStudent"
              >
                no
              </label>
              <input
                class="flex-1 self-center mx-2"
                id="notStudent"
                name="mku"
                type="radio"
                value="no"
              />
            </div>
            <label
              class="self-center"
              for="deliveryVenue"
            >
              Select delivery point
            </label>
            <select
              class="self-center"
              id="deliveryVenue"
              name="deliveryVenue"
            >
              <option
                value="AlumniPlaza"
              >
                Alumnini Plaza
              </option>
              <option
                value="Library"
              >
                Library
              </option>
              <option
                value="CTHall"
              >
                CTHall
              </option>
              <option
                value="StudentCenter"
              >
                Student Center
              </option>
            </select>
            <label
              for="submit"
            />
            <input
              class="flex-1 mb-4 md:mb-10 self-center"
              type="submit"
              value="SUBMIT"
            />
          </form>
        </main>,
        "key": null,
        "patchFlag": 0,
        "props": null,
        "ref": null,
        "scopeId": null,
        "shapeFlag": 4,
        "slotScopeIds": null,
        "ssContent": null,
        "ssFallback": null,
        "staticCount": 0,
        "suspense": null,
        "target": null,
        "targetAnchor": null,
        "transition": null,
        "type": {
          "name": "VTU_ROOT",
          "render": [Function],
        },
      },
      "withProxy": null,
    },
    "_props": null,
    "_uid": 0,
    "component": [Function],
    "config": {
      "compilerOptions": {},
      "errorHandler": undefined,
      "globalProperties": {},
      "isNativeTag": [Function],
      "optionMergeStrategies": {},
      "performance": false,
      "warnHandler": undefined,
    },
    "directive": [Function],
    "mixin": [Function],
    "mount": [Function],
    "provide": [Function],
    "unmount": [Function],
    "use": [Function],
    "version": "3.2.37",
  },
  "__setProps": [Function],
  "componentVM": {
    "hasOwnProperty": [Function],
  },
  "isDisabled": [Function],
  "rootVM": {},
  "wrapperElement": <main
    class="flex flex-col flex-1"
  >
    <h1
      class="self-center font-bold md:text-3xl text-cyan-800"
    >
       Delivery Form 
    </h1>
    <form
      action="#"
      class="flex flex-col w-44 h-56 md:w-56 md:h-80 self-center border text-violet-800 bg-purple-300 font-bold italic font-serif"
      method="get"
    >
      <label
        class="self-center"
        for="customerName"
      >
        Name
      </label>
      <input
        class="flex-1 self-center"
        id="customerName"
        placeholder="Riki Trump"
        type="text"
      />
      <label
        class="self-center"
        for="deliveryTime"
      >
        Select time for delivery
      </label>
      <input
        class="flex-1 self-center"
        id="deliveryTime"
        max="18:00"
        min="09:00"
        type="time"
      />
      <label
        class="self-center"
        for="location"
      >
        Are you an MKU student?
      </label>
      <div
        class="self-center flex-1 flex flex-row"
        id="location"
      >
        <label
          class="self-center"
          for="student"
        >
          yes
        </label>
        <input
          class="flex-1 self-center mx-2"
          id="student"
          name="mku"
          type="radio"
          value="yes"
        />
        <label
          class="self-center"
          for="notStudent"
        >
          no
        </label>
        <input
          class="flex-1 self-center mx-2"
          id="notStudent"
          name="mku"
          type="radio"
          value="no"
        />
      </div>
      <label
        class="self-center"
        for="deliveryVenue"
      >
        Select delivery point
      </label>
      <select
        class="self-center"
        id="deliveryVenue"
        name="deliveryVenue"
      >
        <option
          value="AlumniPlaza"
        >
          Alumnini Plaza
        </option>
        <option
          value="Library"
        >
          Library
        </option>
        <option
          value="CTHall"
        >
          CTHall
        </option>
        <option
          value="StudentCenter"
        >
          Student Center
        </option>
      </select>
      <label
        for="submit"
      />
      <input
        class="flex-1 mb-4 md:mb-10 self-center"
        type="submit"
        value="SUBMIT"
      />
    </form>
  </main>,
}
`;
